// Jest Snapshot v1, https://goo.gl/fbAQLP

exports[`AuthenticationService throw if http service throws 1`] = `"Error: test"`;
