// Jest Snapshot v1, https://goo.gl/fbAQLP

exports[`createExecutionContext throw if workflow has no actions 1`] = `"Execution context cannot be initialized with zero actions"`;

exports[`createExecutionContext throw if workflow has no actions 2`] = `"test"`;
