// Jest Snapshot v1, https://goo.gl/fbAQLP

exports[`WorkflowExecutionService should throw when starting with invalid trigger id 1`] = `"invalid trigger id, cannot start workflow"`;

exports[`WorkflowExecutionService should throw when starting with invalid trigger id 2`] = `"Invalid action name in trigger, cannot start workflow"`;
