// Jest Snapshot v1, https://goo.gl/fbAQLP

exports[`js function action should throw when message is not present 1`] = `"Missing required parameter code"`;
