// Jest Snapshot v1, https://goo.gl/fbAQLP

exports[`mssql action should throw when required params are not present 1`] = `"Missing required parameter query"`;

exports[`mssql action should throw when required params are not present 2`] = `"Missing required parameter credentials"`;

exports[`mssql action should throw when required params are not present 3`] = `"Missing required parameter userId"`;

exports[`mssql action should throw when required params are not present 4`] = `"Missing required parameter isProcedure"`;
